C:\Users\lee\Desktop\5林瞒\bit4Adder.v= bit4Adder
C:\Users\lee\Desktop\5林瞒\bit4shfit3.v= bit4shfit3
C:\Users\lee\Desktop\5林瞒\bit4shift3.v= bit4shift3
C:\Users\lee\Desktop\5林瞒\bit5Register.v= bit5Register
C:\Users\lee\Desktop\5林瞒\count7.v= count7
C:\Users\lee\Desktop\5林瞒\count7_tb.v= count7_tb
C:\Users\lee\Desktop\5林瞒\count10.v=
C:\Users\lee\Desktop\5林瞒\CSweek04first.v=
C:\Users\lee\Desktop\5林瞒\CSweek04first_tb.v=
C:\Users\lee\Desktop\5林瞒\FullAdder.v= FullAdder
C:\Users\lee\Desktop\5林瞒\week02fi02.v=
C:\Users\lee\Desktop\5林瞒\week02fi02_tb.v=
C:\Users\lee\Desktop\5林瞒\week02re02.v= week02re02
C:\Users\lee\Desktop\5林瞒\week02re02_tb.v= week02re02_tb
C:\Users\lee\Desktop\5林瞒\week02s02.v= week02s02
C:\Users\lee\Desktop\5林瞒\week02s02_tb.v= week02s02_tb
C:\Users\lee\Desktop\5林瞒\week02te03.v= week02te03
C:\Users\lee\Desktop\5林瞒\week02te03_tb.v= week02te03_tb
C:\Users\lee\Desktop\5林瞒\week03.v= week03
C:\Users\lee\Desktop\5林瞒\week04fifth.v= week04fifth
C:\Users\lee\Desktop\5林瞒\week04fifth_tb.v= week04fifth_tb
C:\Users\lee\Desktop\5林瞒\week04first.v= week04first
C:\Users\lee\Desktop\5林瞒\week04first_tb.v= week04first_tb
C:\Users\lee\Desktop\5林瞒\week04first02.v= week04first02
C:\Users\lee\Desktop\5林瞒\week04first02_tb.v= week04first02_tb
C:\Users\lee\Desktop\5林瞒\week04fourth.v= week04fourth
C:\Users\lee\Desktop\5林瞒\week04fourth_tb.v= week04fourth_tb
C:\Users\lee\Desktop\5林瞒\week04second.v= week04second
C:\Users\lee\Desktop\5林瞒\week04second_tb.v= week04second_tb
C:\Users\lee\Desktop\5林瞒\week04sixth.v= week04sixth
C:\Users\lee\Desktop\5林瞒\week04sixth_tb.v= week04sixth_tb
C:\Users\lee\Desktop\5林瞒\week04third.v= week04third
C:\Users\lee\Desktop\5林瞒\week04third_tb.v= week04third_tb
C:\Users\lee\Desktop\5林瞒\week0301.v= week0301
C:\Users\lee\Desktop\5林瞒\week0302.v= week0302
C:\Users\lee\Desktop\5林瞒\week0303.v=
C:\Users\lee\Desktop\5林瞒\week0303fi.v= week0303fi
C:\Users\lee\Desktop\5林瞒\week0303fi_tb.v= week0303fi_tb
C:\Users\lee\Desktop\5林瞒\week0501.v= week0501
C:\Users\lee\Desktop\5林瞒\week0501_tb.v= week0501_tb
C:\Users\lee\Desktop\5林瞒\week0501fi.v= week0501fi
C:\Users\lee\Desktop\5林瞒\week0501fi_tb.v= week0501fi_tb
C:\Users\lee\Desktop\5林瞒\week0502.v= week0502
C:\Users\lee\Desktop\5林瞒\week0502_tb.v= week0502_tb
C:\Users\lee\Desktop\5林瞒\week030201.v= week030201
C:\Users\lee\Desktop\5林瞒\week030201_tb.v= week030201_tb
C:\Users\lee\Desktop\5林瞒\week030303.v= week0303
C:\Program Files (x86)\System Centroid\Flowrian R7\Library\PNULib\sources\PNU_AND2.v= PNU_AND2
C:\Program Files (x86)\System Centroid\Flowrian R7\Library\PNULib\sources\PNU_AND3.v= PNU_AND3
C:\Program Files (x86)\System Centroid\Flowrian R7\Library\PNULib\sources\PNU_AND4.v= PNU_AND4
C:\Program Files (x86)\System Centroid\Flowrian R7\Library\PNULib\sources\PNU_AND8.v= PNU_AND8
C:\Program Files (x86)\System Centroid\Flowrian R7\Library\PNULib\sources\PNU_BUF.v= PNU_BUF
C:\Program Files (x86)\System Centroid\Flowrian R7\Library\PNULib\sources\PNU_DFF.v= PNU_DFF
C:\Program Files (x86)\System Centroid\Flowrian R7\Library\PNULib\sources\PNU_DFF_Ce.v= PNU_DFF_Ce
C:\Program Files (x86)\System Centroid\Flowrian R7\Library\PNULib\sources\PNU_JKFF.v= PNU_JKFF
C:\Program Files (x86)\System Centroid\Flowrian R7\Library\PNULib\sources\PNU_MUX2.v= PNU_MUX2
C:\Program Files (x86)\System Centroid\Flowrian R7\Library\PNULib\sources\PNU_MUX4.v= PNU_MUX4
C:\Program Files (x86)\System Centroid\Flowrian R7\Library\PNULib\sources\PNU_MUX8.v= PNU_MUX8
C:\Program Files (x86)\System Centroid\Flowrian R7\Library\PNULib\sources\PNU_NAND2.v= PNU_NAND2
C:\Program Files (x86)\System Centroid\Flowrian R7\Library\PNULib\sources\PNU_NAND3.v= PNU_NAND3
C:\Program Files (x86)\System Centroid\Flowrian R7\Library\PNULib\sources\PNU_NAND4.v= PNU_NAND4
C:\Program Files (x86)\System Centroid\Flowrian R7\Library\PNULib\sources\PNU_NAND8.v= PNU_NAND8
C:\Program Files (x86)\System Centroid\Flowrian R7\Library\PNULib\sources\PNU_NOR2.v= PNU_NOR2
C:\Program Files (x86)\System Centroid\Flowrian R7\Library\PNULib\sources\PNU_NOR3.v= PNU_NOR3
C:\Program Files (x86)\System Centroid\Flowrian R7\Library\PNULib\sources\PNU_NOR4.v= PNU_NOR4
C:\Program Files (x86)\System Centroid\Flowrian R7\Library\PNULib\sources\PNU_NOR8.v= PNU_NOR8
C:\Program Files (x86)\System Centroid\Flowrian R7\Library\PNULib\sources\PNU_NOT.v= PNU_NOT
C:\Program Files (x86)\System Centroid\Flowrian R7\Library\PNULib\sources\PNU_ONE.v= PNU_ONE
C:\Program Files (x86)\System Centroid\Flowrian R7\Library\PNULib\sources\PNU_OR2.v= PNU_OR2
C:\Program Files (x86)\System Centroid\Flowrian R7\Library\PNULib\sources\PNU_OR3.v= PNU_OR3
C:\Program Files (x86)\System Centroid\Flowrian R7\Library\PNULib\sources\PNU_OR4.v= PNU_OR4
C:\Program Files (x86)\System Centroid\Flowrian R7\Library\PNULib\sources\PNU_OR8.v= PNU_OR8
C:\Program Files (x86)\System Centroid\Flowrian R7\Library\PNULib\sources\PNU_SRAM.v= PNU_SRAM
C:\Program Files (x86)\System Centroid\Flowrian R7\Library\PNULib\sources\PNU_TBUF.v= PNU_TBUF
C:\Program Files (x86)\System Centroid\Flowrian R7\Library\PNULib\sources\PNU_XNOR2.v= PNU_XNOR2
C:\Program Files (x86)\System Centroid\Flowrian R7\Library\PNULib\sources\PNU_XNOR3.v= PNU_XNOR3
C:\Program Files (x86)\System Centroid\Flowrian R7\Library\PNULib\sources\PNU_XNOR4.v= PNU_XNOR4
C:\Program Files (x86)\System Centroid\Flowrian R7\Library\PNULib\sources\PNU_XOR2.v= PNU_XOR2
C:\Program Files (x86)\System Centroid\Flowrian R7\Library\PNULib\sources\PNU_XOR3.v= PNU_XOR3
C:\Program Files (x86)\System Centroid\Flowrian R7\Library\PNULib\sources\PNU_XOR4.v= PNU_XOR4
C:\Program Files (x86)\System Centroid\Flowrian R7\Library\PNULib\sources\PNU_ZERO.v= PNU_ZERO
C:\Users\lee\Desktop\5林瞒\week0503.v= week0503
C:\Users\lee\Desktop\5林瞒\week0503_tb.v= week0503_tb
