C:\Users\lee\Desktop\5林瞒\bit4Adder.v
C:\Users\lee\Desktop\5林瞒\bit4shfit3.v
C:\Users\lee\Desktop\5林瞒\bit4shift3.v
C:\Users\lee\Desktop\5林瞒\bit5Register.v
C:\Users\lee\Desktop\5林瞒\count7.v
C:\Users\lee\Desktop\5林瞒\count7_tb.v
C:\Users\lee\Desktop\5林瞒\count10.v
C:\Users\lee\Desktop\5林瞒\CSweek04first.v
C:\Users\lee\Desktop\5林瞒\CSweek04first_tb.v
C:\Users\lee\Desktop\5林瞒\FullAdder.v
C:\Users\lee\Desktop\5林瞒\week02fi02.v
C:\Users\lee\Desktop\5林瞒\week02fi02_tb.v
C:\Users\lee\Desktop\5林瞒\week02re02.v
C:\Users\lee\Desktop\5林瞒\week02re02_tb.v
C:\Users\lee\Desktop\5林瞒\week02s02.v
C:\Users\lee\Desktop\5林瞒\week02s02_tb.v
C:\Users\lee\Desktop\5林瞒\week02te03.v
C:\Users\lee\Desktop\5林瞒\week02te03_tb.v
C:\Users\lee\Desktop\5林瞒\week03.v
C:\Users\lee\Desktop\5林瞒\week04fifth.v
C:\Users\lee\Desktop\5林瞒\week04fifth_tb.v
C:\Users\lee\Desktop\5林瞒\week04first.v
C:\Users\lee\Desktop\5林瞒\week04first_tb.v
C:\Users\lee\Desktop\5林瞒\week04first02.v
C:\Users\lee\Desktop\5林瞒\week04first02_tb.v
C:\Users\lee\Desktop\5林瞒\week04fourth.v
C:\Users\lee\Desktop\5林瞒\week04fourth_tb.v
C:\Users\lee\Desktop\5林瞒\week04second.v
C:\Users\lee\Desktop\5林瞒\week04second_tb.v
C:\Users\lee\Desktop\5林瞒\week04sixth.v
C:\Users\lee\Desktop\5林瞒\week04sixth_tb.v
C:\Users\lee\Desktop\5林瞒\week04third.v
C:\Users\lee\Desktop\5林瞒\week04third_tb.v
C:\Users\lee\Desktop\5林瞒\week0301.v
C:\Users\lee\Desktop\5林瞒\week0302.v
C:\Users\lee\Desktop\5林瞒\week0303.v
C:\Users\lee\Desktop\5林瞒\week0303fi.v
C:\Users\lee\Desktop\5林瞒\week0303fi_tb.v
C:\Users\lee\Desktop\5林瞒\week0501.v
C:\Users\lee\Desktop\5林瞒\week0501_tb.v
C:\Users\lee\Desktop\5林瞒\week0501fi.v
C:\Users\lee\Desktop\5林瞒\week0501fi_tb.v
C:\Users\lee\Desktop\5林瞒\week0502.v
C:\Users\lee\Desktop\5林瞒\week0502_tb.v
C:\Users\lee\Desktop\5林瞒\week030201.v
C:\Users\lee\Desktop\5林瞒\week030201_tb.v
C:\Users\lee\Desktop\5林瞒\week030303.v
C:\Program Files (x86)\System Centroid\Flowrian R7\Library\PNULib\sources\PNU_AND2.v
C:\Program Files (x86)\System Centroid\Flowrian R7\Library\PNULib\sources\PNU_AND3.v
C:\Program Files (x86)\System Centroid\Flowrian R7\Library\PNULib\sources\PNU_AND4.v
C:\Program Files (x86)\System Centroid\Flowrian R7\Library\PNULib\sources\PNU_AND8.v
C:\Program Files (x86)\System Centroid\Flowrian R7\Library\PNULib\sources\PNU_BUF.v
C:\Program Files (x86)\System Centroid\Flowrian R7\Library\PNULib\sources\PNU_DFF.v
C:\Program Files (x86)\System Centroid\Flowrian R7\Library\PNULib\sources\PNU_DFF_Ce.v
C:\Program Files (x86)\System Centroid\Flowrian R7\Library\PNULib\sources\PNU_JKFF.v
C:\Program Files (x86)\System Centroid\Flowrian R7\Library\PNULib\sources\PNU_MUX2.v
C:\Program Files (x86)\System Centroid\Flowrian R7\Library\PNULib\sources\PNU_MUX4.v
C:\Program Files (x86)\System Centroid\Flowrian R7\Library\PNULib\sources\PNU_MUX8.v
C:\Program Files (x86)\System Centroid\Flowrian R7\Library\PNULib\sources\PNU_NAND2.v
C:\Program Files (x86)\System Centroid\Flowrian R7\Library\PNULib\sources\PNU_NAND3.v
C:\Program Files (x86)\System Centroid\Flowrian R7\Library\PNULib\sources\PNU_NAND4.v
C:\Program Files (x86)\System Centroid\Flowrian R7\Library\PNULib\sources\PNU_NAND8.v
C:\Program Files (x86)\System Centroid\Flowrian R7\Library\PNULib\sources\PNU_NOR2.v
C:\Program Files (x86)\System Centroid\Flowrian R7\Library\PNULib\sources\PNU_NOR3.v
C:\Program Files (x86)\System Centroid\Flowrian R7\Library\PNULib\sources\PNU_NOR4.v
C:\Program Files (x86)\System Centroid\Flowrian R7\Library\PNULib\sources\PNU_NOR8.v
C:\Program Files (x86)\System Centroid\Flowrian R7\Library\PNULib\sources\PNU_NOT.v
C:\Program Files (x86)\System Centroid\Flowrian R7\Library\PNULib\sources\PNU_ONE.v
C:\Program Files (x86)\System Centroid\Flowrian R7\Library\PNULib\sources\PNU_OR2.v
C:\Program Files (x86)\System Centroid\Flowrian R7\Library\PNULib\sources\PNU_OR3.v
C:\Program Files (x86)\System Centroid\Flowrian R7\Library\PNULib\sources\PNU_OR4.v
C:\Program Files (x86)\System Centroid\Flowrian R7\Library\PNULib\sources\PNU_OR8.v
C:\Program Files (x86)\System Centroid\Flowrian R7\Library\PNULib\sources\PNU_SRAM.v
C:\Program Files (x86)\System Centroid\Flowrian R7\Library\PNULib\sources\PNU_TBUF.v
C:\Program Files (x86)\System Centroid\Flowrian R7\Library\PNULib\sources\PNU_XNOR2.v
C:\Program Files (x86)\System Centroid\Flowrian R7\Library\PNULib\sources\PNU_XNOR3.v
C:\Program Files (x86)\System Centroid\Flowrian R7\Library\PNULib\sources\PNU_XNOR4.v
C:\Program Files (x86)\System Centroid\Flowrian R7\Library\PNULib\sources\PNU_XOR2.v
C:\Program Files (x86)\System Centroid\Flowrian R7\Library\PNULib\sources\PNU_XOR3.v
C:\Program Files (x86)\System Centroid\Flowrian R7\Library\PNULib\sources\PNU_XOR4.v
C:\Program Files (x86)\System Centroid\Flowrian R7\Library\PNULib\sources\PNU_ZERO.v
C:\Users\lee\Desktop\5林瞒\week0503.v
C:\Users\lee\Desktop\5林瞒\week0503_tb.v
